<html>
<body>
<pre>
<h1>µVision Build Log</h1>
<h2>Project:</h2>
E:\v22be10s12\ARM\p1.uvproj
Project File Date:  10/16/2023

<h2>Output:</h2>
Build target 'Target 1'
assembling Startup.s...
compiling lcd_driver.c...
compiling main_DIGITALCLOCK.c...
main_DIGITALCLOCK.c(162): warning:  #69-D: integer conversion resulted in truncation
main_DIGITALCLOCK.c(178): warning:  #174-D: expression has no effect
main_DIGITALCLOCK.c(9): warning:  #177-D: variable "ampm" was declared but never referenced
compiling spi_driver.c...
compiling uart0_driver.c...
compiling delay.c...
compiling i2c_driver.c...
compiling adc_driver.c...
linking...
Program Size: Code=2440 RO-data=16 RW-data=0 ZI-data=1256  
FromELF: creating hex file...
"p1.axf" - 0 Error(s), 3 Warning(s).
Build target 'Target 1'
assembling Startup.s...
compiling lcd_driver.c...
compiling main_DIGITALCLOCK.c...
main_DIGITALCLOCK.c(162): warning:  #69-D: integer conversion resulted in truncation
main_DIGITALCLOCK.c(178): warning:  #69-D: integer conversion resulted in truncation
main_DIGITALCLOCK.c(9): warning:  #177-D: variable "ampm" was declared but never referenced
compiling spi_driver.c...
compiling uart0_driver.c...
compiling delay.c...
compiling i2c_driver.c...
compiling adc_driver.c...
linking...
Program Size: Code=2440 RO-data=16 RW-data=0 ZI-data=1256  
FromELF: creating hex file...
"p1.axf" - 0 Error(s), 3 Warning(s).
